C251 COMPILER V5.04b,  functions                                                           22/12/24  10:45:11  PAGE 1   


C251 COMPILER V5.04b, COMPILATION OF MODULE functions
OBJECT MODULE PLACED IN .\Objects\functions.obj
COMPILER INVOKED BY: D:\Compiler\Keil_v5\C251\BIN\C251.EXE Src\functions.c XSMALL FUNCTIONS(REENTRANT) WARNINGLEVEL(3) O
                    -PTIMIZE(3,SPEED) BROWSE ORDER INCDIR(.\Inc;.\Mcu\8051u\Inc) INTVECTOR(0X1000) DEBUG PRINT(.\Objects\functions.lst) TABS(
                    -2) OBJECT(.\Objects\functions.obj) 

stmt  level    source

    1          /*
    2           * function.c
    3           *
    4           *  Created on: 2024年12月1日
    5           *      Author: 17263
    6           */
    7          #include "functions.h"
    8          
    9          
   10          int32_t map(int32_t x, int32_t in_min, int32_t in_max, int32_t out_min, int32_t out_max)
   11          {
   12   1          if (x < in_min) {
   13   2              x = in_min;
   14   2          }
   15   1          if (x > in_max) {
   16   2              x = in_max;
   17   2          }
   18   1          return (x - in_min) * (out_max - out_min) / (in_max - in_min) + out_min;
   19   1      }
   20          
   21          float doPidCalculations(struct fastPID *pidnow, int actual, int target) {
   22   1      
   23   1        pidnow->error = actual - target;
   24   1        pidnow->integral = pidnow->integral + pidnow->error * pidnow->Ki;
   25   1        if (pidnow->integral > pidnow->integral_limit) {
   26   2          pidnow->integral = pidnow->integral_limit;
   27   2        }
   28   1        if (pidnow->integral < -pidnow->integral_limit) {
   29   2          pidnow->integral = -pidnow->integral_limit;
   30   2        }
   31   1      
   32   1        pidnow->derivative = pidnow->Kd * (pidnow->error - pidnow->last_error);
   33   1        pidnow->last_error = pidnow->error;
   34   1      
   35   1        pidnow->pid_output = pidnow->error * pidnow->Kp + pidnow->integral
   36   1            + pidnow->derivative;
   37   1      
   38   1        if (pidnow->pid_output > pidnow->output_limit) {
   39   2          pidnow->pid_output = pidnow->output_limit;
   40   2        }
   41   1        if (pidnow->pid_output < -pidnow->output_limit) {
   42   2          pidnow->pid_output = -pidnow->output_limit;
   43   2        }
   44   1        return pidnow->pid_output;
   45   1      }
   46          
   47          int16_t getAbsDif(int16_t number1, int16_t number2){
   48   1        int16_t result = number1 - number2;
   49   1          if (result < 0) {
   50   2              result = -result;
   51   2          }
   52   1          return result;
   53   1      }
   54          
   55          void delayMicros(uint32_t micros) {
   56   1        T3R = 0;
   57   1        TMR3_RELOAD(micros);
C251 COMPILER V5.04b,  functions                                                           22/12/24  10:45:11  PAGE 2   

   58   1        T3IF = 0;
   59   1        T3R = 1;
   60   1        while (!T3IF)
   61   1          ;
   62   1      }
   63          
   64          void delayMillis(uint32_t millis) {
   65   1        T11CR &= 0x7F;
   66   1        TMR11_RELOAD(millis * 13);
   67   1        T11CR |= 0x80;
   68   1        T11CR &= 0xFE;
   69   1        while (!(T11CR & 0x01))
   70   1          ;
   71   1      }


Module Information          Static   Overlayable
------------------------------------------------
  code size            =       613     ------
  ecode size           =    ------     ------
  data size            =    ------     ------
  idata size           =    ------     ------
  pdata size           =    ------     ------
  xdata size           =    ------     ------
  xdata-const size     =    ------     ------
  edata size           =    ------     ------
  bit size             =    ------     ------
  ebit size            =    ------     ------
  bitaddressable size  =    ------     ------
  ebitaddressable size =    ------     ------
  far data size        =    ------     ------
  huge data size       =    ------     ------
  const size           =    ------     ------
  hconst size          =    ------     ------
End of Module Information.


C251 COMPILATION COMPLETE.  0 WARNING(S),  0 ERROR(S)
